[2025-10-10 16:08:43] 
============================================================
[2025-10-10 16:08:43] PIPELINE STARTED - Generating 20000 examples
[2025-10-10 16:08:43] ============================================================

[2025-10-10 16:08:43] ============================================================
[2025-10-10 16:08:43] STARTING: Dataset Generation (20000 examples)
[2025-10-10 16:08:43] Command: python generate_dataset.py 20000
[2025-10-10 16:08:43] ============================================================
[2025-10-12 09:22:52] OK COMPLETED: Dataset Generation (20000 examples) (took 2474.2 minutes)
[2025-10-12 09:22:52] ============================================================
[2025-10-12 09:22:52] STARTING: Prepare Fine-Tuning Data
[2025-10-12 09:22:52] Command: python fine-tuning-dataset.py
[2025-10-12 09:22:52] ============================================================
[2025-10-12 09:25:43] OK COMPLETED: Prepare Fine-Tuning Data (took 2.8 minutes)
[2025-10-12 09:25:43] ============================================================
[2025-10-12 09:25:43] STARTING: Model Fine-Tuning
[2025-10-12 09:25:43] Command: python finetune.py
[2025-10-12 09:25:43] ============================================================
[2025-10-14 15:16:57] OK COMPLETED: Model Fine-Tuning (took 3231.2 minutes)
[2025-10-14 15:16:57] 
============================================================
[2025-10-14 15:16:57] OK PIPELINE COMPLETED SUCCESSFULLY
[2025-10-14 15:16:57] Total time: 95.1 hours
[2025-10-14 15:16:57] ============================================================

[2025-10-23 22:48:41] 
============================================================
[2025-10-23 22:48:41] PIPELINE STARTED - Generating 2 examples
[2025-10-23 22:48:41] ============================================================

[2025-10-23 22:48:41] ============================================================
[2025-10-23 22:48:41] STARTING: Dataset Generation (2 examples)
[2025-10-23 22:48:41] Command: python generate_dataset.py 2
[2025-10-23 22:48:41] ============================================================
[2025-10-23 22:49:22] OK COMPLETED: Dataset Generation (2 examples) (took 0.7 minutes)
[2025-10-23 22:49:22] ============================================================
[2025-10-23 22:49:22] STARTING: Prepare Fine-Tuning Data
[2025-10-23 22:49:22] Command: python fine-tuning-dataset.py
[2025-10-23 22:49:22] ============================================================
[2025-10-23 22:49:22] OK COMPLETED: Prepare Fine-Tuning Data (took 0.0 minutes)
[2025-10-23 22:49:22] ============================================================
[2025-10-23 22:49:22] STARTING: Model Fine-Tuning
[2025-10-23 22:49:22] Command: python finetune.py
[2025-10-23 22:49:22] ============================================================
[2025-10-23 22:49:57] OK COMPLETED: Model Fine-Tuning (took 0.6 minutes)
[2025-10-23 22:49:57] 
============================================================
[2025-10-23 22:49:57] OK PIPELINE COMPLETED SUCCESSFULLY
[2025-10-23 22:49:57] Total time: 0.0 hours
[2025-10-23 22:49:57] ============================================================

[2025-10-23 22:50:39] 
============================================================
[2025-10-23 22:50:39] PIPELINE STARTED - Generating 5000 examples
[2025-10-23 22:50:39] ============================================================

[2025-10-23 22:50:39] ============================================================
[2025-10-23 22:50:39] STARTING: Dataset Generation (5000 examples)
[2025-10-23 22:50:39] Command: python generate_dataset.py 5000
[2025-10-23 22:50:39] ============================================================
